
============================================================
FlightScanner Results - 2026-02-24 22:40
Total matches: 4
============================================================

[1] ✈️ BER (None) → YOW (None)
   Datum: ?
   Preis: 3647.04 EUR
   Airline: UAUA3660, UAUA963
   Dauer: 12.4h, Stopps: 1
   Buchung: 1...

[2] ✈️ BER (None) → YHZ (None)
   Datum: ?
   Preis: 4391.18 EUR
   Airline: UAUA3694, UAUA8839, UAUA9214
   Dauer: 18.3h, Stopps: 2
   Buchung: 1...

[3] ✈️ BER (None) → MEX (None)
   Datum: ?
   Preis: 3525.87 EUR
   Airline: UAUA1065, UAUA963
   Dauer: 18.4h, Stopps: 1
   Buchung: 1...

[4] ✈️ BER (None) → CUN (None)
   Datum: ?
   Preis: 2378.7 EUR
   Airline: UAUA1052, UAUA963
   Dauer: 33.1h, Stopps: 1
   Buchung: 1...


============================================================
FlightScanner Results - 2026-02-24 22:43
Total matches: 3
============================================================

[1] ✈️ BER (BER) → YOW (YOW)
   Datum: 2026-09-01
   Preis: 3647.04 EUR
   Airline: UAUA3660, UAUA963
   Dauer: 12.4h, Stopps: 1
   Buchung: 1...

[2] ✈️ BER (BER) → MEX (MEX)
   Datum: 2026-09-01
   Preis: 3525.87 EUR
   Airline: UAUA1065, UAUA963
   Dauer: 18.4h, Stopps: 1
   Buchung: 1...

[3] ✈️ BER (BER) → CUN (CUN)
   Datum: 2026-09-01
   Preis: 2378.7 EUR
   Airline: UAUA1052, UAUA963
   Dauer: 33.1h, Stopps: 1
   Buchung: 1...

